
Allocating common symbols
Common symbol       size              file

UartBuffer          0x64              main.o
isr_table           0x80              soc-hw.o
tic_msec            0x4               soc-hw.o

Memory Configuration

Name             Origin             Length             Attributes
ram              0x00000000         0x00002000
*default*        0x00000000         0xffffffff

Linker script and memory map

                0x00000000                __DYNAMIC = 0x0
                0x00000000                _RAM_START = 0x0
                0x00002000                _RAM_SIZE = 0x2000
                0x00002000                _RAM_END = (_RAM_START + _RAM_SIZE)

.text           0x00000000      0x8ac
                0x00000000                _ftext = .
 *(.text .stub .text.* .gnu.linkonce.t.*)
 .text          0x00000000      0x208 crt0ram.o
                0x00000200                get_gp
                0x000001f8                get_sp
                0x00000140                irq_enable
                0x00000160                irq_get_mask
                0x00000000                _start
                0x00000168                jump
                0x00000158                irq_set_mask
                0x0000014c                irq_disable
                0x0000016c                halt
 .text          0x00000208       0xe0 main.o
                0x00000208                itoa
                0x00000288                main
 .text          0x000002e8      0x5c4 soc-hw.o
                0x00000418                tic_isr
                0x00000714                read_position
                0x00000570                txbusy
                0x000005e0                i2c_write
                0x000006b8                set_start
                0x000004cc                uart_putstr
                0x0000038c                isr_unregister
                0x0000073c                int_move
                0x00000728                read_color
                0x00000548                uart_putdata
                0x00000760                stop_move
                0x000006dc                leds_refresh
                0x000003e4                nsleep
                0x0000048c                uart_getchar
                0x000007c8                strstr
                0x00000374                isr_register
                0x00000778                memcmp
                0x00000598                i2c_read
                0x000006a0                mic
                0x00000584                rxavail
                0x00000350                isr_init
                0x000002ec                irq_handler
                0x000002e8                isr_null
                0x00000444                tic_init
                0x00000880                strlen
                0x00000648                set_freq
                0x000003ac                msleep
                0x000004a4                uart_putchar
                0x00000700                leds_finish
                0x000008ac                _etext = .

.rodata         0x000008ac        0x0
                0x000008ac                . = ALIGN (0x4)
                0x000008ac                _frodata = .
 *(.rodata .rodata.* .gnu.linkonce.r.*)
 *(.rodata1)
                0x000008ac                _erodata = .

.data           0x000008ac       0x18
                0x000008ac                . = ALIGN (0x4)
                0x000008ac                _fdata = .
 *(.data .data.* .gnu.linkonce.d.*)
 .data          0x000008ac        0x0 crt0ram.o
 .data          0x000008ac        0x0 main.o
 .data          0x000008ac       0x18 soc-hw.o
                0x000008ac                uart0
                0x000008b8                i2c0
                0x000008bc                notas0
                0x000008b0                timer0
                0x000008c0                leds0
                0x000008b4                pwm0
 *(.data1)
                0x000008d0                _gp = ALIGN (0x10)
 *(.sdata .sdata.* .gnu.linkonce.s.*)
                0x000008c4                _edata = .

.bss            0x000008c4       0xec
                0x000008c4                . = ALIGN (0x4)
                0x000008c4                _fbss = .
 *(.dynsbss)
 *(.sbss .sbss.* .gnu.linkonce.sb.*)
 *(.scommon)
 *(.dynbss)
 *(.bss .bss.* .gnu.linkonce.b.*)
 .bss           0x000008c4        0x0 crt0ram.o
 .bss           0x000008c4        0x4 main.o
                0x000008c4                UartBufferPtr
 .bss           0x000008c8        0x0 soc-hw.o
 *(COMMON)
 COMMON         0x000008c8       0x64 main.o
                0x000008c8                UartBuffer
 COMMON         0x0000092c       0x84 soc-hw.o
                0x0000092c                isr_table
                0x000009ac                tic_msec
                0x000009b0                _ebss = .
                0x000009b0                _end = .
                0x00001ffc                PROVIDE (_fstack, 0x1ffc)
LOAD crt0ram.o
LOAD main.o
LOAD soc-hw.o
OUTPUT(image elf32-lm32)

.debug_abbrev   0x00000000      0x3fa
 .debug_abbrev  0x00000000       0xf9 main.o
 .debug_abbrev  0x000000f9      0x301 soc-hw.o

.debug_info     0x00000000      0xb7d
 .debug_info    0x00000000      0x145 main.o
 .debug_info    0x00000145      0xa38 soc-hw.o

.debug_line     0x00000000      0x83b
 .debug_line    0x00000000      0x117 main.o
 .debug_line    0x00000117      0x724 soc-hw.o

.debug_frame    0x00000000      0x210
 .debug_frame   0x00000000       0x30 main.o
 .debug_frame   0x00000030      0x1e0 soc-hw.o

.debug_loc      0x00000000      0x33d
 .debug_loc     0x00000000       0x4f main.o
 .debug_loc     0x0000004f      0x2ee soc-hw.o

.debug_pubnames
                0x00000000      0x241
 .debug_pubnames
                0x00000000       0x45 main.o
 .debug_pubnames
                0x00000045      0x1fc soc-hw.o

.debug_aranges  0x00000000       0x40
 .debug_aranges
                0x00000000       0x20 main.o
 .debug_aranges
                0x00000020       0x20 soc-hw.o

.debug_str      0x00000000      0x338
 .debug_str     0x00000000       0xa8 main.o
                                 0xb9 (size before relaxing)
 .debug_str     0x000000a8      0x290 soc-hw.o
                                0x323 (size before relaxing)

.comment        0x00000000       0x24
 .comment       0x00000000       0x12 main.o
 .comment       0x00000012       0x12 soc-hw.o

.debug_ranges   0x00000000      0x1e8
 .debug_ranges  0x00000000      0x1e8 soc-hw.o
